
> crm3_baf_ops@1.0.0 emulator:test:rules
> firebase emulators:exec --only firestore "npm run test:rules"

[36m[1mi  emulators:[22m[39m Starting emulators: firestore
[36m[1mi  firestore:[22m[39m Firestore Emulator logging to [1mfirestore-debug.log[22m
[32m[1m+  firestore:[22m[39m Firestore Emulator was started in standard edition.
[32m[1m+  firestore:[22m[39m Firestore Emulator UI websocket is running on 9150.
[36m[1mi [22m[39m Running script: [1mnpm run test:rules[22m

> crm3_baf_ops@1.0.0 test:rules
> jest --runInBand

PASS test/firestore.rules.test.js (10.469 s)
PASS test/job_module_rules.test.js

Test Suites: 2 passed, 2 total
Tests:       73 passed, 73 total
Snapshots:   0 total
Time:        12.579 s, estimated 14 s
Ran all test suites.
[32m[1m+ [22m[39m Script exited successfully (code 0)
[36m[1mi  emulators:[22m[39m Shutting down emulators.
[36m[1mi  firestore:[22m[39m Stopping Firestore Emulator
[33m[1m! [22m[39m Firestore Emulator has exited upon receiving signal: SIGKILL
[36m[1mi  hub:[22m[39m Stopping emulator hub
[36m[1mi  logging:[22m[39m Stopping Logging Emulator
